------------------------------------------------------------
TimeQuest Timing Analyzer Summary
------------------------------------------------------------

Type  : Slow 1100mV 85C Model Setup 'Clock'
Slack : 0.116
TNS   : 0.000

Type  : Slow 1100mV 85C Model Hold 'Clock'
Slack : 0.076
TNS   : 0.000

Type  : Slow 1100mV 85C Model Minimum Pulse Width 'Clock'
Slack : 9.189
TNS   : 0.000

Type  : Slow 1100mV 0C Model Setup 'Clock'
Slack : 0.442
TNS   : 0.000

Type  : Slow 1100mV 0C Model Hold 'Clock'
Slack : 2.794
TNS   : 0.000

Type  : Slow 1100mV 0C Model Minimum Pulse Width 'Clock'
Slack : 9.261
TNS   : 0.000

Type  : Fast 1100mV 85C Model Setup 'Clock'
Slack : 9.928
TNS   : 0.000

Type  : Fast 1100mV 85C Model Hold 'Clock'
Slack : 2.402
TNS   : 0.000

Type  : Fast 1100mV 85C Model Minimum Pulse Width 'Clock'
Slack : 9.227
TNS   : 0.000

Type  : Fast 1100mV 0C Model Setup 'Clock'
Slack : 11.695
TNS   : 0.000

Type  : Fast 1100mV 0C Model Hold 'Clock'
Slack : 0.624
TNS   : 0.000

Type  : Fast 1100mV 0C Model Minimum Pulse Width 'Clock'
Slack : 9.239
TNS   : 0.000

------------------------------------------------------------
